---
source: tests/lexer.rs
expression: "tokens.collect::<Vec<_>>()"
---
[
    Ok(
        Token {
            kind: Lit(
                String {
                    string: "",
                },
            ),
            span: Span {
                start: 0,
                end: 2,
            },
        },
    ),
    Ok(
        Token {
            kind: Lit(
                String {
                    string: "string",
                },
            ),
            span: Span {
                start: 3,
                end: 11,
            },
        },
    ),
]
